main.c:110:6:set_time	8	static
main.c:133:6:get_time	8	static
main.c:141:6:display_time	8	static
main.c:155:6:display_date	8	static
main.c:172:19:get_temp	48	static
main.c:200:6:display_temp	8	static
main.c:217:6:display_set_hour	8	static
main.c:232:6:display_set_min	8	static
main.c:247:6:display_set_date	8	static
main.c:262:6:display_set_month	8	static
main.c:277:6:display_set_year	8	static
main.c:294:6:polling	16	static
main.c:372:6:polling_set	16	static
main.c:499:5:main	8	static
main.c:606:6:SystemClock_Config	120	static
main.c:660:13:MX_I2C1_Init	8	static
main.c:706:13:MX_I2C3_Init	8	static
main.c:752:13:MX_RTC_Init	32	static
main.c:816:13:MX_TIM2_Init	32	static
main.c:861:13:MX_TIM3_Init	32	static
main.c:906:13:MX_TIM6_Init	16	static
main.c:944:13:MX_TIM7_Init	16	static
main.c:982:13:MX_TIM21_Init	32	static
main.c:1027:13:MX_GPIO_Init	48	static
main.c:1052:6:Error_Handler	8	static,ignoring_inline_asm
